app/(admin)/usuarios/page.tsx(17,19): error TS2339: Property 'full_name' does not exist on type 'Profile'.
app/(admin)/usuarios/page.tsx(17,45): error TS7006: Parameter 'n' implicitly has an 'any' type.
app/(admin)/usuarios/page.tsx(20,58): error TS2339: Property 'full_name' does not exist on type 'Profile'.
